// Jest Snapshot v1, https://goo.gl/fbAQLP

exports[`Pruebas en <PrimeraApp/> Debe de mostrar <PrimeraApp/> correctamente 1`] = `
<Fragment>
  <h1>
    Hola,soy ismenia
  </h1>
  <p>
    Mi primera app web con react
  </p>
</Fragment>
`;
